{
  "version": "1.5.0",
  "plugins_used": [
    {
      "name": "ArtifactoryDetector"
    },
    {
      "name": "AWSKeyDetector"
    },
    {
      "name": "AzureStorageKeyDetector"
    },
    {
      "name": "Base64HighEntropyString",
      "limit": 4.5
    },
    {
      "name": "BasicAuthDetector"
    },
    {
      "name": "CloudantDetector"
    },
    {
      "name": "DiscordBotTokenDetector"
    },
    {
      "name": "GitHubTokenDetector"
    },
    {
      "name": "GitLabTokenDetector"
    },
    {
      "name": "HexHighEntropyString",
      "limit": 3.0
    },
    {
      "name": "IbmCloudIamDetector"
    },
    {
      "name": "IbmCosHmacDetector"
    },
    {
      "name": "IPPublicDetector"
    },
    {
      "name": "JwtTokenDetector"
    },
    {
      "name": "KeywordDetector",
      "keyword_exclude": ""
    },
    {
      "name": "MailchimpDetector"
    },
    {
      "name": "NpmDetector"
    },
    {
      "name": "OpenAIDetector"
    },
    {
      "name": "PrivateKeyDetector"
    },
    {
      "name": "PypiTokenDetector"
    },
    {
      "name": "SendGridDetector"
    },
    {
      "name": "SlackDetector"
    },
    {
      "name": "SoftlayerDetector"
    },
    {
      "name": "SquareOAuthDetector"
    },
    {
      "name": "StripeDetector"
    },
    {
      "name": "TelegramBotTokenDetector"
    },
    {
      "name": "TwilioKeyDetector"
    }
  ],
  "filters_used": [
    {
      "path": "detect_secrets.filters.allowlist.is_line_allowlisted"
    },
    {
      "path": "detect_secrets.filters.common.is_ignored_due_to_verification_policies",
      "min_level": 2
    },
    {
      "path": "detect_secrets.filters.heuristic.is_indirect_reference"
    },
    {
      "path": "detect_secrets.filters.heuristic.is_likely_id_string"
    },
    {
      "path": "detect_secrets.filters.heuristic.is_lock_file"
    },
    {
      "path": "detect_secrets.filters.heuristic.is_not_alphanumeric_string"
    },
    {
      "path": "detect_secrets.filters.heuristic.is_potential_uuid"
    },
    {
      "path": "detect_secrets.filters.heuristic.is_prefixed_with_dollar_sign"
    },
    {
      "path": "detect_secrets.filters.heuristic.is_sequential_string"
    },
    {
      "path": "detect_secrets.filters.heuristic.is_swagger_file"
    },
    {
      "path": "detect_secrets.filters.heuristic.is_templated_secret"
    },
    {
      "path": "detect_secrets.filters.regex.should_exclude_file",
      "pattern": [
        "^\\.git/|^data/|^mutants/|\\.svg$|\\.tsv$|\\.csv$"
      ]
    }
  ],
  "results": {
    "results/_alphamissense_overlap.json": [
      {
        "type": "Hex High Entropy String",
        "filename": "results/_alphamissense_overlap.json",
        "hashed_secret": "f9022ecc2290c8f0fb205c0277a0f5b9e7596412",
        "is_verified": false,
        "line_number": 3
      },
      {
        "type": "Hex High Entropy String",
        "filename": "results/_alphamissense_overlap.json",
        "hashed_secret": "16e45c32c452e03932ef1cf1fc51890fb277d0c2",
        "is_verified": false,
        "line_number": 4
      }
    ],
    "results/_export_join.json": [
      {
        "type": "Hex High Entropy String",
        "filename": "results/_export_join.json",
        "hashed_secret": "16e45c32c452e03932ef1cf1fc51890fb277d0c2",
        "is_verified": false,
        "line_number": 3
      }
    ],
    "results/_overlap_tests.json": [
      {
        "type": "Hex High Entropy String",
        "filename": "results/_overlap_tests.json",
        "hashed_secret": "f9022ecc2290c8f0fb205c0277a0f5b9e7596412",
        "is_verified": false,
        "line_number": 5
      },
      {
        "type": "Hex High Entropy String",
        "filename": "results/_overlap_tests.json",
        "hashed_secret": "ac10a2167f2636f9aa6f9fd6d45f69f3c72fb7b4",
        "is_verified": false,
        "line_number": 51
      },
      {
        "type": "Hex High Entropy String",
        "filename": "results/_overlap_tests.json",
        "hashed_secret": "18a75cd1f72dc9a3e343d2489d3e37a09526ce9f",
        "is_verified": false,
        "line_number": 98
      }
    ]
  },
  "generated_at": "2026-08-05T15:36:50Z"
}
